// Jest Snapshot v1, https://goo.gl/fbAQLP

exports[`supermassive should generate 1`] = `
"import { GraphQLList, GraphQLNonNull, GraphQLID, GraphQLString, GraphQLInt, GraphQLFloat, GraphQLBoolean, GraphQLEnumType } from \\"graphql\\";
import { Resolvers, UnionTypeResolver, EnumTypeResolver, ObjectTypeResolver, InterfaceTypeResolver } from \\"@graphitation/supermassive\\";
const SearchResult: UnionTypeResolver = { __types: [\\"Person\\", \\"Starship\\", \\"Transport\\", \\"Species\\", \\"Vehicle\\", \\"Planet\\", \\"Film\\"], __resolveType: undefined };
const NodeType: EnumTypeResolver = new GraphQLEnumType({ name: \\"NodeType\\", description: \\"\\", values: { Person: { description: \\"\\" }, Starship: { description: \\"\\" }, Transport: { description: \\"\\" }, Species: { description: \\"\\" }, Vehicle: { description: \\"\\" }, Planet: { description: \\"\\" }, Film: { description: \\"\\" } } });
const Query: ObjectTypeResolver = {};
const Film: ObjectTypeResolver = {};
const Vehicle: ObjectTypeResolver = {};
const Person: ObjectTypeResolver = {};
const Starship: ObjectTypeResolver = {};
const Planet: ObjectTypeResolver = {};
const Species: ObjectTypeResolver = {};
const Transport: ObjectTypeResolver = {};
const Node: InterfaceTypeResolver = { __implementedBy: [\\"Film\\", \\"Vehicle\\", \\"Person\\", \\"Starship\\", \\"Planet\\", \\"Species\\", \\"Transport\\"], __resolveType: undefined };
export const resolvers: Resolvers = { SearchResult, NodeType, Query, Node, Film, Vehicle, Person, Starship, Planet, Species, Transport };
"
`;
