// Jest Snapshot v1, https://goo.gl/fbAQLP

exports[`extractImplicitTypes benchmark schema extract 1`] = `
Object {
  "Alive": Object {
    "__resolveType": undefined,
    "__types": Array [
      "Person",
      "Species",
    ],
  },
  "Film": Object {},
  "Node": Object {
    "__implementedBy": Array [
      "Film",
      "Vehicle",
      "Person",
      "Starship",
      "Planet",
      "Species",
      "Transport",
    ],
    "__resolveType": undefined,
  },
  "NodeType": "NodeType",
  "Person": Object {},
  "Planet": Object {},
  "Query": Object {},
  "SearchResult": Object {
    "__resolveType": undefined,
    "__types": Array [
      "Person",
      "Starship",
      "Transport",
      "Species",
      "Vehicle",
      "Planet",
      "Film",
    ],
  },
  "Species": Object {},
  "Starship": Object {},
  "Subscription": Object {},
  "Transport": Object {},
  "Vehicle": Object {},
}
`;
