// Jest Snapshot v1, https://goo.gl/fbAQLP

exports[` 1`] = `
"> 1 | query { hasId { name } }
    |               ^^^^^^^ Field(s) \\"id\\" must be selected (when available on a type). Please make sure to include it in your selection set!
If you are using fragments, make sure that all used fragments  specifies the field(s) \\"id\\"."
`;

exports[` 2`] = `
"> 1 | query { keyField { id name } }
    |                  ^^^^^^^^^^ Field(s) \\"objectId\\" must be selected (when available on a type). Please make sure to include it in your selection set!
If you are using fragments, make sure that all used fragments  specifies the field(s) \\"objectId\\"."
`;
