// Jest Snapshot v1, https://goo.gl/fbAQLP

exports[`createImportDocumentsTransform when emitting es5 modules does not emit an import for a fragment on non-Node/Query types (for which no artefacts are emitted) 1`] = `
var __makeTemplateObject = (this && this.__makeTemplateObject) || function (cooked, raw) {
    if (Object.defineProperty) { Object.defineProperty(cooked, "raw", { value: raw }); } else { cooked.raw = raw; }
    return cooked;
};
var doc = graphql(__makeTemplateObject(["\\n        fragment SomeComponentFragment on Query {\\n          helloWorld\\n        }\\n      "], ["\\n        fragment SomeComponentFragment on Query {\\n          helloWorld\\n        }\\n      "]));
`;

exports[`createImportDocumentsTransform when emitting es5 modules works with documents with interpolation 1`] = `
var __graphitation_generatedQueries_SomeComponentQuery = require("./__generated__/SomeComponentQuery.graphql").documents;
var doc = __graphitation_generatedQueries_SomeComponentQuery;
`;

exports[`createImportDocumentsTransform when emitting es5 modules works with documents without interpolation 1`] = `
var __graphitation_generatedQueries_SomeComponentFragment = require("./__generated__/SomeComponentWatchNodeQuery.graphql").documents;
var doc = __graphitation_generatedQueries_SomeComponentFragment;
`;

exports[`createImportDocumentsTransform when emitting es6 modules does not emit an import for a fragment on non-Node/Query types (for which no artefacts are emitted) 1`] = `
const doc = graphql \`
        fragment SomeComponentFragment on Query {
          helloWorld
        }
      \`;
`;

exports[`createImportDocumentsTransform when emitting es6 modules works with documents with interpolation 1`] = `
import { documents as __graphitation_generatedQueries_SomeComponentQuery } from "./__generated__/SomeComponentQuery.graphql";
const doc = __graphitation_generatedQueries_SomeComponentQuery;
`;

exports[`createImportDocumentsTransform when emitting es6 modules works with documents without interpolation 1`] = `
import { documents as __graphitation_generatedQueries_SomeComponentFragment } from "./__generated__/SomeComponentWatchNodeQuery.graphql";
const doc = __graphitation_generatedQueries_SomeComponentFragment;
`;
